2026-10-10T19:08:03+02:00 start warmup-before load: 1.33 8.35 34.30
2026-10-10T19:08:20+02:00 end   warmup-before load: 1.31 7.89 33.60 took: 17s
2026-10-10T19:08:20+02:00 start warmup-after load: 1.31 7.89 33.60
2026-10-10T19:08:28+02:00 end   warmup-after load: 1.36 7.79 33.43 took: 8s
2026-10-10T19:08:28+02:00 start before-1 load: 1.36 7.79 33.43
2026-10-10T19:08:45+02:00 end   before-1 load: 1.26 7.35 32.73 took: 17s
2026-10-10T19:08:45+02:00 start after-1 load: 1.26 7.35 32.73
2026-10-10T19:08:53+02:00 end   after-1 load: 1.24 7.24 32.56 took: 8s
2026-10-10T19:08:53+02:00 start before-2 load: 1.24 7.24 32.56
2026-10-10T19:09:10+02:00 end   before-2 load: 1.24 6.85 31.89 took: 17s
2026-10-10T19:09:10+02:00 start after-2 load: 1.24 6.85 31.89
2026-10-10T19:09:17+02:00 end   after-2 load: 1.22 6.76 31.73 took: 7s
2026-10-10T19:09:17+02:00 start before-3 load: 1.22 6.76 31.73
2026-10-10T19:09:35+02:00 end   before-3 load: 1.24 6.40 31.08 took: 18s
2026-10-10T19:09:35+02:00 start after-3 load: 1.24 6.40 31.08
2026-10-10T19:09:42+02:00 end   after-3 load: 1.30 6.33 30.92 took: 7s
2026-10-10T19:09:42+02:00 start before-4 load: 1.30 6.33 30.92
2026-10-10T19:09:59+02:00 end   before-4 load: 1.21 5.98 30.28 took: 17s
2026-10-10T19:09:59+02:00 start after-4 load: 1.21 5.98 30.28
2026-10-10T19:10:07+02:00 end   after-4 load: 1.20 5.90 30.13 took: 8s
2026-10-10T19:10:07+02:00 start before-5 load: 1.20 5.90 30.13
2026-10-10T19:10:24+02:00 end   before-5 load: 1.29 5.69 29.67 took: 17s
2026-10-10T19:10:24+02:00 start after-5 load: 1.29 5.69 29.67
2026-10-10T19:10:32+02:00 end   after-5 load: 1.32 5.55 29.37 took: 8s
2026-10-10T19:10:32+02:00 start before-6 load: 1.32 5.55 29.37
2026-10-10T19:10:49+02:00 end   before-6 load: 1.31 5.27 28.77 took: 17s
2026-10-10T19:10:49+02:00 start after-6 load: 1.31 5.27 28.77
2026-10-10T19:10:57+02:00 end   after-6 load: 1.28 5.20 28.62 took: 8s
2026-10-10T19:10:57+02:00 start before-7 load: 1.28 5.20 28.62
2026-10-10T19:11:15+02:00 end   before-7 load: 1.20 4.93 28.03 took: 18s
2026-10-10T19:11:15+02:00 start after-7 load: 1.20 4.93 28.03
2026-10-10T19:11:22+02:00 end   after-7 load: 1.42 4.91 27.90 took: 7s
