Run 1: graph baseline
running 1 test
test profile_earth_factory_graph_instancing ... adapter="Apple M2 Pro" backend=Metal type=IntegratedGpu driver="" driver_info=""
adapter="Apple M2 Pro" backend=Metal type=IntegratedGpu driver="" driver_info=""
adapter="Apple M2 Pro" backend=Metal type=IntegratedGpu driver="" driver_info=""
test result: ok. 1 passed; 0 failed; 0 ignored; 0 measured; 7 filtered out; finished in 46.80s

Run 1: graph optimized
running 1 test
test profile_earth_factory_graph_instancing ... adapter="Apple M2 Pro" backend=Metal type=IntegratedGpu driver="" driver_info=""
adapter="Apple M2 Pro" backend=Metal type=IntegratedGpu driver="" driver_info=""
adapter="Apple M2 Pro" backend=Metal type=IntegratedGpu driver="" driver_info=""
test result: ok. 1 passed; 0 failed; 0 ignored; 0 measured; 7 filtered out; finished in 47.46s

Run 1: full baseline
running 1 test
test profile_earth_factory_batch_planning ... adapter="Apple M2 Pro" backend=Metal type=IntegratedGpu driver="" driver_info=""
adapter="Apple M2 Pro" backend=Metal type=IntegratedGpu driver="" driver_info=""
adapter="Apple M2 Pro" backend=Metal type=IntegratedGpu driver="" driver_info=""
test result: ok. 1 passed; 0 failed; 0 ignored; 0 measured; 7 filtered out; finished in 47.92s

Run 1: full optimized
running 1 test
test profile_earth_factory_batch_planning ... adapter="Apple M2 Pro" backend=Metal type=IntegratedGpu driver="" driver_info=""
adapter="Apple M2 Pro" backend=Metal type=IntegratedGpu driver="" driver_info=""
adapter="Apple M2 Pro" backend=Metal type=IntegratedGpu driver="" driver_info=""
test result: ok. 1 passed; 0 failed; 0 ignored; 0 measured; 7 filtered out; finished in 47.58s

Run 2: graph baseline
running 1 test
test profile_earth_factory_graph_instancing ... adapter="Apple M2 Pro" backend=Metal type=IntegratedGpu driver="" driver_info=""
adapter="Apple M2 Pro" backend=Metal type=IntegratedGpu driver="" driver_info=""
adapter="Apple M2 Pro" backend=Metal type=IntegratedGpu driver="" driver_info=""
test result: ok. 1 passed; 0 failed; 0 ignored; 0 measured; 7 filtered out; finished in 47.70s

Run 2: graph optimized
running 1 test
test profile_earth_factory_graph_instancing ... adapter="Apple M2 Pro" backend=Metal type=IntegratedGpu driver="" driver_info=""
adapter="Apple M2 Pro" backend=Metal type=IntegratedGpu driver="" driver_info=""
adapter="Apple M2 Pro" backend=Metal type=IntegratedGpu driver="" driver_info=""
test result: ok. 1 passed; 0 failed; 0 ignored; 0 measured; 7 filtered out; finished in 48.02s

Run 2: full baseline
running 1 test
test profile_earth_factory_batch_planning ... adapter="Apple M2 Pro" backend=Metal type=IntegratedGpu driver="" driver_info=""
adapter="Apple M2 Pro" backend=Metal type=IntegratedGpu driver="" driver_info=""
adapter="Apple M2 Pro" backend=Metal type=IntegratedGpu driver="" driver_info=""
test result: ok. 1 passed; 0 failed; 0 ignored; 0 measured; 7 filtered out; finished in 47.88s

Run 2: full optimized
running 1 test
test profile_earth_factory_batch_planning ... adapter="Apple M2 Pro" backend=Metal type=IntegratedGpu driver="" driver_info=""
adapter="Apple M2 Pro" backend=Metal type=IntegratedGpu driver="" driver_info=""
adapter="Apple M2 Pro" backend=Metal type=IntegratedGpu driver="" driver_info=""
test result: ok. 1 passed; 0 failed; 0 ignored; 0 measured; 7 filtered out; finished in 49.72s

Run 3: graph baseline
running 1 test
test profile_earth_factory_graph_instancing ... adapter="Apple M2 Pro" backend=Metal type=IntegratedGpu driver="" driver_info=""
adapter="Apple M2 Pro" backend=Metal type=IntegratedGpu driver="" driver_info=""
adapter="Apple M2 Pro" backend=Metal type=IntegratedGpu driver="" driver_info=""
test result: ok. 1 passed; 0 failed; 0 ignored; 0 measured; 7 filtered out; finished in 47.16s

Run 3: graph optimized
running 1 test
test profile_earth_factory_graph_instancing ... adapter="Apple M2 Pro" backend=Metal type=IntegratedGpu driver="" driver_info=""
adapter="Apple M2 Pro" backend=Metal type=IntegratedGpu driver="" driver_info=""
adapter="Apple M2 Pro" backend=Metal type=IntegratedGpu driver="" driver_info=""
test result: ok. 1 passed; 0 failed; 0 ignored; 0 measured; 7 filtered out; finished in 48.03s

Run 3: full baseline
running 1 test
test profile_earth_factory_batch_planning ... adapter="Apple M2 Pro" backend=Metal type=IntegratedGpu driver="" driver_info=""
adapter="Apple M2 Pro" backend=Metal type=IntegratedGpu driver="" driver_info=""
adapter="Apple M2 Pro" backend=Metal type=IntegratedGpu driver="" driver_info=""
test result: ok. 1 passed; 0 failed; 0 ignored; 0 measured; 7 filtered out; finished in 47.62s

Run 3: full optimized
running 1 test
test profile_earth_factory_batch_planning ... adapter="Apple M2 Pro" backend=Metal type=IntegratedGpu driver="" driver_info=""
adapter="Apple M2 Pro" backend=Metal type=IntegratedGpu driver="" driver_info=""
adapter="Apple M2 Pro" backend=Metal type=IntegratedGpu driver="" driver_info=""
test result: ok. 1 passed; 0 failed; 0 ignored; 0 measured; 7 filtered out; finished in 47.64s
